// Jest Snapshot v1, https://goo.gl/fbAQLP

exports[`Tooltip matches snapshot 1`] = `
<div>
  <div
    onBlur={[Function]}
    onFocus={[Function]}
    onMouseOut={[Function]}
    onMouseOver={[Function]}
  >
    <span
      onKeyUp={[Function]}
      role="button"
      tabIndex={0}
      title="alert"
    >
      <img
        alt="alert"
        src="/svgs/alert.svg"
        style={
          Object {
            "height": "1em",
            "width": "1em",
          }
        }
      />
    </span>
  </div>
  <div
    className="tooltip"
  >
    <div
      className="tooltiptext"
      style={
        Object {
          "display": "none",
        }
      }
    >
      text
    </div>
  </div>
</div>
`;
