// Jest Snapshot v1, https://goo.gl/fbAQLP

exports[`SettingsButton matches snapshot. 1`] = `
<div
  style={
    Object {
      "display": "inline-block",
    }
  }
>
  <button
    className="SettingsButton"
    onClick={[Function]}
    type="submit"
  >
    <p
      style={
        Object {
          "transform": "scale(2)translateY(-5px)",
        }
      }
      title="Settings Button"
    >
      <span
        onKeyUp={[Function]}
        role="button"
        tabIndex={0}
        title="Settings"
      >
        <img
          alt="Settings"
          src="/svgs/settings.svg"
          style={
            Object {
              "height": "1em",
              "width": "1em",
            }
          }
        />
      </span>
    </p>
  </button>
</div>
`;
