// Jest Snapshot v1, https://goo.gl/fbAQLP

exports[`SettingsButton matches snapshot. 1`] = `
<div
  style={
    Object {
      "display": "inline-block",
    }
  }
>
  <button
    className="SettingsButton"
    onClick={[Function]}
    type="submit"
  >
    <p
      style={
        Object {
          "transform": "scale(2)translateY(-5px)",
        }
      }
      title="Settings Button"
    >
      <span
        title="Settings"
      >
        <svg
          alt="Settings"
          height="1em"
          onKeyUp={[Function]}
          tabIndex={0}
          title="Settings"
          width="1em"
        >
          settings.svg
        </svg>
      </span>
    </p>
  </button>
</div>
`;
