// Jest Snapshot v1, https://goo.gl/fbAQLP

exports[`TaskCreator matches snapshot 1`] = `
<div
  className="TaskCreator"
>
  <div
    className="CloseNewTask"
    onClick={[Function]}
    role="presentation"
    style={
      Object {
        "display": "none",
      }
    }
  />
  <form
    className="NewTaskWrap"
    onFocus={[Function]}
    onSubmit={[Function]}
  >
    <input
      className="NewTaskComponent"
      onChange={[Function]}
      placeholder="What do you have to do?"
      required={true}
      type="text"
      value=""
    />
  </form>
</div>
`;
