// Jest Snapshot v1, https://goo.gl/fbAQLP

exports[`ClassTagAdder matches snapshot. 1`] = `
<div
  className="TagColorConfigItemAdder SearchClasses"
  title="Search for a class"
>
  <div
    className="src__StyledContainer-hakmvc-0 emqRtB"
  >
    <input
      className="styled-component__StyledInput-sc-1dsackt-0 dEHJYu"
      onChange={[Function]}
      placeholder="Search for classes (e.g. CS 2110, Introduction to Creative Writing)"
      type="text"
      value=""
    />
  </div>
</div>
`;
