// Jest Snapshot v1, https://goo.gl/fbAQLP

exports[`ClassTagAdder matches snapshot. 1`] = `
<div
  className="TagColorConfigItemAdder SearchClasses"
  title="Search for a class"
>
  <div>
    <input
      className="SearchInput"
      onChange={[Function]}
      placeholder="Search for classes (e.g. CS 2110, Introduction to Creative Writing)"
      type="text"
      value=""
    />
    <div />
  </div>
</div>
`;
