// Jest Snapshot v1, https://goo.gl/fbAQLP

exports[`ColorEditor matches snapshot. 1`] = `
<button
  className="ColorEdit"
  onClick={[Function]}
  tabIndex={0}
  type="button"
>
  <span
    className="ColorDisplay"
    style={
      Object {
        "backgroundColor": "green",
      }
    }
  />
  <span
    onKeyUp={[Function]}
    role="button"
    tabIndex={0}
    title="More"
  >
    <img
      alt="More"
      className="SamwiseIconDefaultStyle Arrow"
      src="/svgs/v.svg"
    />
  </span>
</button>
`;
