// Jest Snapshot v1, https://goo.gl/fbAQLP

exports[`OtherTagAdder matches snapshot. 1`] = `
<li
  className="ColorConfigItem"
>
  <input
    className="TagName AddTagName"
    onChange={[Function]}
    onKeyDown={[Function]}
    placeholder="New Tag"
    type="text"
    value=""
  />
  <button
    className="ColorEdit"
    onClick={[Function]}
    tabIndex={0}
    type="button"
  >
    Blue
    <span
      className="ColorDisplay"
      style={
        Object {
          "backgroundColor": "#289de9",
        }
      }
    />
    <span
      onKeyUp={[Function]}
      role="button"
      tabIndex={0}
      title="More"
    >
      <img
        alt="More"
        className="Arrow"
        src="/svgs/v.svg"
        style={
          Object {
            "height": "1em",
            "width": "1em",
          }
        }
      />
    </span>
  </button>
</li>
`;
