// Jest Snapshot v1, https://goo.gl/fbAQLP

exports[`TitleBar matches snapshot 1`] = `
<div
  className="Hero"
>
  <div
    style={
      Object {
        "padding": "60px 40px",
      }
    }
  >
    <p
      className="HeroIntroText"
    >
      Hi! Help us boost your productivity by creating some tags.
      <br />
      Search and add the classes you are currently enrolled in to tag them.
    </p>
    <div
      className="SettingsSection"
    >
      <div
        className="SettingsSectionContent"
      >
        <div
          className="TagColorConfigItemAdder SearchClasses"
          title="Search for a class"
        >
          <div>
            <input
              className="SearchInput"
              onChange={[Function]}
              placeholder="Search for classes (e.g. CS 2110, Introduction to Creative Writing)"
              type="text"
              value=""
            />
            <div />
          </div>
        </div>
      </div>
    </div>
    <h2>
      My Classes
    </h2>
    <div
      className="SettingsSection"
    >
      <div
        className="SettingsSectionContent"
      >
        <ul
          className="ColorConfigItemList"
        >
          <li
            className="ColorConfigItem"
          >
            <span
              className="TagName"
              style={
                Object {
                  "width": "calc(100% - 175px)",
                }
              }
            >
              <input
                className="TagEdit"
                onChange={[Function]}
                type="text"
                value="None"
              />
            </span>
            <button
              className="ColorEdit"
              onClick={[Function]}
              tabIndex={0}
              type="button"
            >
              <span
                className="ColorDisplay"
                style={
                  Object {
                    "backgroundColor": "#969696",
                  }
                }
              />
              <span
                title="More"
              >
                <svg
                  alt="More"
                  className="Arrow"
                  height="1em"
                  onKeyUp={[Function]}
                  tabIndex={0}
                  title="More"
                  width="1em"
                >
                  v.svg
                </svg>
              </span>
            </button>
            <button
              className="DeleteTag"
              onClick={[Function]}
              tabIndex={0}
              type="button"
            >
              <span
                title="Delete"
              >
                <svg
                  alt="Delete"
                  height="1em"
                  onKeyUp={[Function]}
                  tabIndex={0}
                  title="Delete"
                  width="1em"
                >
                  XLight.svg
                </svg>
              </span>
            </button>
          </li>
          <li
            className="ColorConfigItem"
          >
            <span
              className="TagName"
              style={
                Object {
                  "width": "calc(100% - 175px)",
                }
              }
            >
              <input
                className="TagEdit"
                onChange={[Function]}
                type="text"
                value="Foo"
              />
            </span>
            <button
              className="ColorEdit"
              onClick={[Function]}
              tabIndex={0}
              type="button"
            >
              <span
                className="ColorDisplay"
                style={
                  Object {
                    "backgroundColor": "red",
                  }
                }
              />
              <span
                title="More"
              >
                <svg
                  alt="More"
                  className="Arrow"
                  height="1em"
                  onKeyUp={[Function]}
                  tabIndex={0}
                  title="More"
                  width="1em"
                >
                  v.svg
                </svg>
              </span>
            </button>
            <button
              className="DeleteTag"
              onClick={[Function]}
              tabIndex={0}
              type="button"
            >
              <span
                title="Delete"
              >
                <svg
                  alt="Delete"
                  height="1em"
                  onKeyUp={[Function]}
                  tabIndex={0}
                  title="Delete"
                  width="1em"
                >
                  XLight.svg
                </svg>
              </span>
            </button>
          </li>
          <li
            className="ColorConfigItem"
          >
            <span
              className="TagName"
              style={
                Object {
                  "width": "calc(100% - 175px)",
                }
              }
            >
              <input
                className="TagEdit"
                onChange={[Function]}
                type="text"
                value="Bar"
              />
            </span>
            <button
              className="ColorEdit"
              onClick={[Function]}
              tabIndex={0}
              type="button"
            >
              <span
                className="ColorDisplay"
                style={
                  Object {
                    "backgroundColor": "blue",
                  }
                }
              />
              <span
                title="More"
              >
                <svg
                  alt="More"
                  className="Arrow"
                  height="1em"
                  onKeyUp={[Function]}
                  tabIndex={0}
                  title="More"
                  width="1em"
                >
                  v.svg
                </svg>
              </span>
            </button>
            <button
              className="DeleteTag"
              onClick={[Function]}
              tabIndex={0}
              type="button"
            >
              <span
                title="Delete"
              >
                <svg
                  alt="Delete"
                  height="1em"
                  onKeyUp={[Function]}
                  tabIndex={0}
                  title="Delete"
                  width="1em"
                >
                  XLight.svg
                </svg>
              </span>
            </button>
          </li>
          <li
            className="ColorConfigItem"
          >
            <span
              style={
                Object {
                  "display": "inline-block",
                  "width": "calc(100% - 175px)",
                }
              }
            >
              <span
                className="TagName"
              >
                Baz
              </span>
              <span
                className="ClassExpandedTitle"
              >
                Baz
              </span>
            </span>
            <button
              className="ColorEdit"
              onClick={[Function]}
              tabIndex={0}
              type="button"
            >
              <span
                className="ColorDisplay"
                style={
                  Object {
                    "backgroundColor": "green",
                  }
                }
              />
              <span
                title="More"
              >
                <svg
                  alt="More"
                  className="Arrow"
                  height="1em"
                  onKeyUp={[Function]}
                  tabIndex={0}
                  title="More"
                  width="1em"
                >
                  v.svg
                </svg>
              </span>
            </button>
            <button
              className="DeleteTag"
              onClick={[Function]}
              tabIndex={0}
              type="button"
            >
              <span
                title="Delete"
              >
                <svg
                  alt="Delete"
                  height="1em"
                  onKeyUp={[Function]}
                  tabIndex={0}
                  title="Delete"
                  width="1em"
                >
                  XLight.svg
                </svg>
              </span>
            </button>
          </li>
        </ul>
      </div>
    </div>
    <p
      className="ImportExamContainer"
    >
      <label
        htmlFor="onboardImportClass"
      >
        <input
          checked={true}
          id="onboardImportClass"
          onChange={[Function]}
          type="checkbox"
        />
        Yes, please automatically import registrar-scheduled exams for my classes.
      </label>
    </p>
    <div
      className="SignButtonContainer"
    >
      <span
        className="Padding"
      />
      <button
        className="SignButton"
        onClick={[Function]}
        type="button"
      >
        Done
      </button>
    </div>
  </div>
</div>
`;
