// Jest Snapshot v1, https://goo.gl/fbAQLP

exports[`FutureViewTask(false, false, false) matches snapshot. 1`] = `null`;

exports[`FutureViewTask(false, false, true) matches snapshot. 1`] = `null`;

exports[`FutureViewTask(false, true, false) matches snapshot. 1`] = `
<div
  className="Task"
  onClick={[Function]}
  onKeyUp={[Function]}
  role="button"
  style={Object {}}
  tabIndex={0}
>
  <div
    className="TaskMainWrapper"
    style={
      Object {
        "backgroundColor": "red",
      }
    }
  >
    <span
      title="Reorder"
    >
      <svg
        alt="Reorder"
        className="TaskIcon"
        height="1em"
        onKeyUp={[Function]}
        tabIndex={0}
        title="Reorder"
        width="1em"
      >
        grabbers.svg
      </svg>
    </span>
    <label
      className="TaskCheckBox CheckBox"
    >
      <input
        defaultChecked={true}
        disabled={false}
        onClick={[Function]}
        tabIndex={0}
        type="checkbox"
      />
      <span
        className="CheckBoxCheckMark"
      />
    </label>
    <span
      className="TaskText"
      style={
        Object {
          "textDecoration": "line-through",
        }
      }
    >
      Foo
    </span>
    <span
      title="Pin to Focus"
    >
      <svg
        alt="Pin to Focus"
        className="TaskIcon"
        height="1em"
        onClick={[Function]}
        onKeyUp={[Function]}
        tabIndex={0}
        title="Pin to Focus"
        width="1em"
      >
        pin-2-light-outline.svg
      </svg>
    </span>
    <span
      title="Delete"
    >
      <svg
        alt="Delete"
        className="TaskIcon"
        height="1em"
        onClick={[Function]}
        onKeyUp={[Function]}
        tabIndex={0}
        title="Delete"
        width="1em"
      >
        XLight.svg
      </svg>
    </span>
  </div>
</div>
`;

exports[`FutureViewTask(false, true, true) matches snapshot. 1`] = `
<div
  className="Task"
  onClick={[Function]}
  onKeyUp={[Function]}
  role="button"
  style={Object {}}
  tabIndex={0}
>
  <div
    className="TaskMainWrapper"
    style={
      Object {
        "backgroundColor": "red",
      }
    }
  >
    <span
      title="Reorder"
    >
      <svg
        alt="Reorder"
        className="TaskIcon"
        height="1em"
        onKeyUp={[Function]}
        tabIndex={0}
        title="Reorder"
        width="1em"
      >
        grabbers.svg
      </svg>
    </span>
    <label
      className="TaskCheckBox CheckBox"
    >
      <input
        defaultChecked={true}
        disabled={false}
        onClick={[Function]}
        tabIndex={0}
        type="checkbox"
      />
      <span
        className="CheckBoxCheckMark"
      />
    </label>
    <span
      className="TaskText"
      style={
        Object {
          "textDecoration": "line-through",
        }
      }
    >
      Foo
    </span>
    <span
      title="Pin to Focus"
    >
      <svg
        alt="Pin to Focus"
        className="TaskIcon"
        height="1em"
        onClick={[Function]}
        onKeyUp={[Function]}
        tabIndex={0}
        title="Pin to Focus"
        width="1em"
      >
        pin-2-light-outline.svg
      </svg>
    </span>
    <span
      title="Delete"
    >
      <svg
        alt="Delete"
        className="TaskIcon"
        height="1em"
        onClick={[Function]}
        onKeyUp={[Function]}
        tabIndex={0}
        title="Delete"
        width="1em"
      >
        XLight.svg
      </svg>
    </span>
  </div>
</div>
`;

exports[`FutureViewTask(true, false, false) matches snapshot. 1`] = `null`;

exports[`FutureViewTask(true, false, true) matches snapshot. 1`] = `null`;

exports[`FutureViewTask(true, true, false) matches snapshot. 1`] = `
<div
  className="Task"
  onClick={[Function]}
  onKeyUp={[Function]}
  role="button"
  style={Object {}}
  tabIndex={0}
>
  <div
    className="TaskMainWrapper"
    style={
      Object {
        "backgroundColor": "red",
      }
    }
  >
    <span
      title="Reorder"
    >
      <svg
        alt="Reorder"
        className="TaskIcon"
        height="1em"
        onKeyUp={[Function]}
        tabIndex={0}
        title="Reorder"
        width="1em"
      >
        grabbers.svg
      </svg>
    </span>
    <label
      className="TaskCheckBox CheckBox"
    >
      <input
        defaultChecked={true}
        disabled={false}
        onClick={[Function]}
        tabIndex={0}
        type="checkbox"
      />
      <span
        className="CheckBoxCheckMark"
      />
    </label>
    <span
      className="TaskText"
      style={
        Object {
          "textDecoration": "line-through",
        }
      }
    >
      Foo
    </span>
    <span
      title="Pin to Focus"
    >
      <svg
        alt="Pin to Focus"
        className="TaskIcon"
        height="1em"
        onClick={[Function]}
        onKeyUp={[Function]}
        tabIndex={0}
        title="Pin to Focus"
        width="1em"
      >
        pin-2-light-outline.svg
      </svg>
    </span>
    <span
      title="Delete"
    >
      <svg
        alt="Delete"
        className="TaskIcon"
        height="1em"
        onClick={[Function]}
        onKeyUp={[Function]}
        tabIndex={0}
        title="Delete"
        width="1em"
      >
        XLight.svg
      </svg>
    </span>
  </div>
</div>
`;

exports[`FutureViewTask(true, true, true) matches snapshot. 1`] = `
<div
  className="Task"
  onClick={[Function]}
  onKeyUp={[Function]}
  role="button"
  style={Object {}}
  tabIndex={0}
>
  <div
    className="TaskMainWrapper"
    style={
      Object {
        "backgroundColor": "red",
      }
    }
  >
    <span
      title="Reorder"
    >
      <svg
        alt="Reorder"
        className="TaskIcon"
        height="1em"
        onKeyUp={[Function]}
        tabIndex={0}
        title="Reorder"
        width="1em"
      >
        grabbers.svg
      </svg>
    </span>
    <label
      className="TaskCheckBox CheckBox"
    >
      <input
        defaultChecked={true}
        disabled={false}
        onClick={[Function]}
        tabIndex={0}
        type="checkbox"
      />
      <span
        className="CheckBoxCheckMark"
      />
    </label>
    <span
      className="TaskText"
      style={
        Object {
          "textDecoration": "line-through",
        }
      }
    >
      Foo
    </span>
    <span
      title="Pin to Focus"
    >
      <svg
        alt="Pin to Focus"
        className="TaskIcon"
        height="1em"
        onClick={[Function]}
        onKeyUp={[Function]}
        tabIndex={0}
        title="Pin to Focus"
        width="1em"
      >
        pin-2-light-outline.svg
      </svg>
    </span>
    <span
      title="Delete"
    >
      <svg
        alt="Delete"
        className="TaskIcon"
        height="1em"
        onClick={[Function]}
        onKeyUp={[Function]}
        tabIndex={0}
        title="Delete"
        width="1em"
      >
        XLight.svg
      </svg>
    </span>
  </div>
</div>
`;
