// Jest Snapshot v1, https://goo.gl/fbAQLP

exports[`FutureView with config biweekly, hide-completed matches snapshot. 1`] = `
<div>
  <div
    className="FutureViewControl"
  >
    <h3
      className="Title"
    >
      Future
    </h3>
    <span
      title="Go back"
    >
      <svg
        alt="More"
        className="NavButtonPrev"
        height="1em"
        onClick={[Function]}
        onKeyUp={[Function]}
        tabIndex={0}
        title="More"
        width="1em"
      >
        v.svg
      </svg>
    </span>
    <h3
      className="Title"
    >
      1/10/27 - 1/23/27
    </h3>
    <span
      title="Go forward"
    >
      <svg
        alt="More"
        className="NavButtonNext"
        height="1em"
        onClick={[Function]}
        onKeyUp={[Function]}
        tabIndex={0}
        title="More"
        width="1em"
      >
        v.svg
      </svg>
    </span>
    <span
      className="ControlPadding"
    />
    <button
      className="SquareButton SquareButtonIconButton active"
      onClick={[Function]}
      title="Hide/unhide completed tasks"
      type="button"
    >
      <svg
        aria-hidden="true"
        className="svg-inline--fa fa-eye fa-w-18 SquareButtonText"
        data-icon="eye"
        data-prefix="fas"
        focusable="false"
        role="img"
        style={Object {}}
        viewBox="0 0 576 512"
        xmlns="http://www.w3.org/2000/svg"
      >
        <path
          d="M572.52 241.4C518.29 135.59 410.93 64 288 64S57.68 135.64 3.48 241.41a32.35 32.35 0 0 0 0 29.19C57.71 376.41 165.07 448 288 448s230.32-71.64 284.52-177.41a32.35 32.35 0 0 0 0-29.19zM288 400a144 144 0 1 1 144-144 143.93 143.93 0 0 1-144 144zm0-240a95.31 95.31 0 0 0-25.31 3.79 47.85 47.85 0 0 1-66.9 66.9A95.78 95.78 0 1 0 288 160z"
          fill="currentColor"
          style={Object {}}
        />
      </svg>
    </button>
    <div
      className="ContainerTypeSwitcher"
    >
      <button
        className="ContainerTypeSwitcherButton"
        onClick={[Function]}
        title="Change to 4D view"
        type="button"
      >
        <span
          className="ContainerTypeSwitcherButtonText"
        >
          4D
        </span>
      </button>
      <button
        className="ContainerTypeSwitcherButton ContainerTypeSwitcherActiveButton"
        onClick={[Function]}
        title="Change to 2W view"
        type="button"
      >
        <span
          className="ContainerTypeSwitcherButtonText"
        >
          2W
        </span>
      </button>
      <button
        className="ContainerTypeSwitcherButton"
        onClick={[Function]}
        title="Change to M view"
        type="button"
      >
        <span
          className="ContainerTypeSwitcherButtonText"
        >
          M
        </span>
      </button>
    </div>
  </div>
  <div
    className="FutureViewSevenColumns"
    style={
      Object {
        "gridTemplateRows": "minmax(0, 0.5fr) minmax(0, 0.5fr)",
      }
    }
  >
    <div
      className="OtherViews"
    >
      <div
        className="DateInfo"
        style={Object {}}
      >
        <div
          className="DateInfoDay"
        >
          SUN
        </div>
        <div
          className="DateNum"
        >
          10
        </div>
      </div>
      <div
        className="Container"
        style={
          Object {
            "overflow": "hidden",
          }
        }
      />
    </div>
    <div
      className="OtherViews"
    >
      <div
        className="DateInfo"
        style={Object {}}
      >
        <div
          className="DateInfoDay"
        >
          MON
        </div>
        <div
          className="DateNum"
        >
          11
        </div>
      </div>
      <div
        className="Container"
        style={
          Object {
            "overflow": "hidden",
          }
        }
      />
    </div>
    <div
      className="OtherViews"
    >
      <div
        className="DateInfo"
        style={Object {}}
      >
        <div
          className="DateInfoDay"
        >
          TUE
        </div>
        <div
          className="DateNum"
        >
          12
        </div>
      </div>
      <div
        className="Container"
        style={
          Object {
            "overflow": "hidden",
          }
        }
      />
    </div>
    <div
      className="OtherViews"
    >
      <div
        className="DateInfo"
        style={Object {}}
      >
        <div
          className="DateInfoDay"
        >
          WED
        </div>
        <div
          className="DateNum"
        >
          13
        </div>
      </div>
      <div
        className="Container"
        style={
          Object {
            "overflow": "hidden",
          }
        }
      />
    </div>
    <div
      className="OtherViews"
    >
      <div
        className="DateInfo"
        style={Object {}}
      >
        <div
          className="DateInfoDay"
        >
          THU
        </div>
        <div
          className="DateNum"
        >
          14
        </div>
      </div>
      <div
        className="Container"
        style={
          Object {
            "overflow": "hidden",
          }
        }
      />
    </div>
    <div
      className="OtherViews"
    >
      <div
        className="DateInfo"
        style={Object {}}
      >
        <div
          className="DateInfoDay"
        >
          FRI
        </div>
        <div
          className="DateNum"
        >
          15
        </div>
      </div>
      <div
        className="Container"
        style={
          Object {
            "overflow": "hidden",
          }
        }
      />
    </div>
    <div
      className="OtherViews"
    >
      <div
        className="DateInfo"
        style={Object {}}
      >
        <div
          className="DateInfoDay"
        >
          SAT
        </div>
        <div
          className="DateNum"
        >
          16
        </div>
      </div>
      <div
        className="Container"
        style={
          Object {
            "overflow": "hidden",
          }
        }
      />
    </div>
    <div
      className="OtherViews"
    >
      <div
        className="DateInfo"
        style={Object {}}
      >
        <div
          className="DateInfoDay"
        >
          SUN
        </div>
        <div
          className="DateNum"
        >
          17
        </div>
      </div>
      <div
        className="Container"
        style={
          Object {
            "overflow": "hidden",
          }
        }
      />
    </div>
    <div
      className="OtherViews"
    >
      <div
        className="DateInfo"
        style={Object {}}
      >
        <div
          className="DateInfoDay"
        >
          MON
        </div>
        <div
          className="DateNum"
        >
          18
        </div>
      </div>
      <div
        className="Container"
        style={
          Object {
            "overflow": "hidden",
          }
        }
      />
    </div>
    <div
      className="OtherViews"
    >
      <div
        className="DateInfo"
        style={Object {}}
      >
        <div
          className="DateInfoDay"
        >
          TUE
        </div>
        <div
          className="DateNum"
        >
          19
        </div>
      </div>
      <div
        className="Container"
        style={
          Object {
            "overflow": "hidden",
          }
        }
      />
    </div>
    <div
      className="OtherViews"
    >
      <div
        className="DateInfo"
        style={Object {}}
      >
        <div
          className="DateInfoDay"
        >
          WED
        </div>
        <div
          className="DateNum"
        >
          20
        </div>
      </div>
      <div
        className="Container"
        style={
          Object {
            "overflow": "hidden",
          }
        }
      />
    </div>
    <div
      className="OtherViews"
    >
      <div
        className="DateInfo"
        style={Object {}}
      >
        <div
          className="DateInfoDay"
        >
          THU
        </div>
        <div
          className="DateNum"
        >
          21
        </div>
      </div>
      <div
        className="Container"
        style={
          Object {
            "overflow": "hidden",
          }
        }
      />
    </div>
    <div
      className="OtherViews"
    >
      <div
        className="DateInfo"
        style={Object {}}
      >
        <div
          className="DateInfoDay"
        >
          FRI
        </div>
        <div
          className="DateNum"
        >
          22
        </div>
      </div>
      <div
        className="Container"
        style={
          Object {
            "overflow": "hidden",
          }
        }
      />
    </div>
    <div
      className="OtherViews"
    >
      <div
        className="DateInfo"
        style={Object {}}
      >
        <div
          className="DateInfoDay"
        >
          SAT
        </div>
        <div
          className="DateNum"
        >
          23
        </div>
      </div>
      <div
        className="Container"
        style={
          Object {
            "overflow": "hidden",
          }
        }
      />
    </div>
  </div>
</div>
`;

exports[`FutureView with config biweekly, show-completed matches snapshot. 1`] = `
<div>
  <div
    className="FutureViewControl"
  >
    <h3
      className="Title"
    >
      Future
    </h3>
    <span
      title="Go back"
    >
      <svg
        alt="More"
        className="NavButtonPrev"
        height="1em"
        onClick={[Function]}
        onKeyUp={[Function]}
        tabIndex={0}
        title="More"
        width="1em"
      >
        v.svg
      </svg>
    </span>
    <h3
      className="Title"
    >
      1/10/27 - 1/23/27
    </h3>
    <span
      title="Go forward"
    >
      <svg
        alt="More"
        className="NavButtonNext"
        height="1em"
        onClick={[Function]}
        onKeyUp={[Function]}
        tabIndex={0}
        title="More"
        width="1em"
      >
        v.svg
      </svg>
    </span>
    <span
      className="ControlPadding"
    />
    <button
      className="SquareButton SquareButtonIconButton"
      onClick={[Function]}
      title="Hide/unhide completed tasks"
      type="button"
    >
      <svg
        aria-hidden="true"
        className="svg-inline--fa fa-eye-slash fa-w-20 SquareButtonText"
        data-icon="eye-slash"
        data-prefix="fas"
        focusable="false"
        role="img"
        style={Object {}}
        viewBox="0 0 640 512"
        xmlns="http://www.w3.org/2000/svg"
      >
        <path
          d="M320 400c-75.85 0-137.25-58.71-142.9-133.11L72.2 185.82c-13.79 17.3-26.48 35.59-36.72 55.59a32.35 32.35 0 0 0 0 29.19C89.71 376.41 197.07 448 320 448c26.91 0 52.87-4 77.89-10.46L346 397.39a144.13 144.13 0 0 1-26 2.61zm313.82 58.1l-110.55-85.44a331.25 331.25 0 0 0 81.25-102.07 32.35 32.35 0 0 0 0-29.19C550.29 135.59 442.93 64 320 64a308.15 308.15 0 0 0-147.32 37.7L45.46 3.37A16 16 0 0 0 23 6.18L3.37 31.45A16 16 0 0 0 6.18 53.9l588.36 454.73a16 16 0 0 0 22.46-2.81l19.64-25.27a16 16 0 0 0-2.82-22.45zm-183.72-142l-39.3-30.38A94.75 94.75 0 0 0 416 256a94.76 94.76 0 0 0-121.31-92.21A47.65 47.65 0 0 1 304 192a46.64 46.64 0 0 1-1.54 10l-73.61-56.89A142.31 142.31 0 0 1 320 112a143.92 143.92 0 0 1 144 144c0 21.63-5.29 41.79-13.9 60.11z"
          fill="currentColor"
          style={Object {}}
        />
      </svg>
    </button>
    <div
      className="ContainerTypeSwitcher"
    >
      <button
        className="ContainerTypeSwitcherButton"
        onClick={[Function]}
        title="Change to 4D view"
        type="button"
      >
        <span
          className="ContainerTypeSwitcherButtonText"
        >
          4D
        </span>
      </button>
      <button
        className="ContainerTypeSwitcherButton ContainerTypeSwitcherActiveButton"
        onClick={[Function]}
        title="Change to 2W view"
        type="button"
      >
        <span
          className="ContainerTypeSwitcherButtonText"
        >
          2W
        </span>
      </button>
      <button
        className="ContainerTypeSwitcherButton"
        onClick={[Function]}
        title="Change to M view"
        type="button"
      >
        <span
          className="ContainerTypeSwitcherButtonText"
        >
          M
        </span>
      </button>
    </div>
  </div>
  <div
    className="FutureViewSevenColumns"
    style={
      Object {
        "gridTemplateRows": "minmax(0, 0.5fr) minmax(0, 0.5fr)",
      }
    }
  >
    <div
      className="OtherViews"
    >
      <div
        className="DateInfo"
        style={Object {}}
      >
        <div
          className="DateInfoDay"
        >
          SUN
        </div>
        <div
          className="DateNum"
        >
          10
        </div>
      </div>
      <div
        className="Container"
        style={
          Object {
            "overflow": "hidden",
          }
        }
      />
    </div>
    <div
      className="OtherViews"
    >
      <div
        className="DateInfo"
        style={Object {}}
      >
        <div
          className="DateInfoDay"
        >
          MON
        </div>
        <div
          className="DateNum"
        >
          11
        </div>
      </div>
      <div
        className="Container"
        style={
          Object {
            "overflow": "hidden",
          }
        }
      />
    </div>
    <div
      className="OtherViews"
    >
      <div
        className="DateInfo"
        style={Object {}}
      >
        <div
          className="DateInfoDay"
        >
          TUE
        </div>
        <div
          className="DateNum"
        >
          12
        </div>
      </div>
      <div
        className="Container"
        style={
          Object {
            "overflow": "hidden",
          }
        }
      />
    </div>
    <div
      className="OtherViews"
    >
      <div
        className="DateInfo"
        style={Object {}}
      >
        <div
          className="DateInfoDay"
        >
          WED
        </div>
        <div
          className="DateNum"
        >
          13
        </div>
      </div>
      <div
        className="Container"
        style={
          Object {
            "overflow": "hidden",
          }
        }
      />
    </div>
    <div
      className="OtherViews"
    >
      <div
        className="DateInfo"
        style={Object {}}
      >
        <div
          className="DateInfoDay"
        >
          THU
        </div>
        <div
          className="DateNum"
        >
          14
        </div>
      </div>
      <div
        className="Container"
        style={
          Object {
            "overflow": "hidden",
          }
        }
      />
    </div>
    <div
      className="OtherViews"
    >
      <div
        className="DateInfo"
        style={Object {}}
      >
        <div
          className="DateInfoDay"
        >
          FRI
        </div>
        <div
          className="DateNum"
        >
          15
        </div>
      </div>
      <div
        className="Container"
        style={
          Object {
            "overflow": "hidden",
          }
        }
      />
    </div>
    <div
      className="OtherViews"
    >
      <div
        className="DateInfo"
        style={Object {}}
      >
        <div
          className="DateInfoDay"
        >
          SAT
        </div>
        <div
          className="DateNum"
        >
          16
        </div>
      </div>
      <div
        className="Container"
        style={
          Object {
            "overflow": "hidden",
          }
        }
      />
    </div>
    <div
      className="OtherViews"
    >
      <div
        className="DateInfo"
        style={Object {}}
      >
        <div
          className="DateInfoDay"
        >
          SUN
        </div>
        <div
          className="DateNum"
        >
          17
        </div>
      </div>
      <div
        className="Container"
        style={
          Object {
            "overflow": "hidden",
          }
        }
      />
    </div>
    <div
      className="OtherViews"
    >
      <div
        className="DateInfo"
        style={Object {}}
      >
        <div
          className="DateInfoDay"
        >
          MON
        </div>
        <div
          className="DateNum"
        >
          18
        </div>
      </div>
      <div
        className="Container"
        style={
          Object {
            "overflow": "hidden",
          }
        }
      />
    </div>
    <div
      className="OtherViews"
    >
      <div
        className="DateInfo"
        style={Object {}}
      >
        <div
          className="DateInfoDay"
        >
          TUE
        </div>
        <div
          className="DateNum"
        >
          19
        </div>
      </div>
      <div
        className="Container"
        style={
          Object {
            "overflow": "hidden",
          }
        }
      />
    </div>
    <div
      className="OtherViews"
    >
      <div
        className="DateInfo"
        style={Object {}}
      >
        <div
          className="DateInfoDay"
        >
          WED
        </div>
        <div
          className="DateNum"
        >
          20
        </div>
      </div>
      <div
        className="Container"
        style={
          Object {
            "overflow": "hidden",
          }
        }
      />
    </div>
    <div
      className="OtherViews"
    >
      <div
        className="DateInfo"
        style={Object {}}
      >
        <div
          className="DateInfoDay"
        >
          THU
        </div>
        <div
          className="DateNum"
        >
          21
        </div>
      </div>
      <div
        className="Container"
        style={
          Object {
            "overflow": "hidden",
          }
        }
      />
    </div>
    <div
      className="OtherViews"
    >
      <div
        className="DateInfo"
        style={Object {}}
      >
        <div
          className="DateInfoDay"
        >
          FRI
        </div>
        <div
          className="DateNum"
        >
          22
        </div>
      </div>
      <div
        className="Container"
        style={
          Object {
            "overflow": "hidden",
          }
        }
      />
    </div>
    <div
      className="OtherViews"
    >
      <div
        className="DateInfo"
        style={Object {}}
      >
        <div
          className="DateInfoDay"
        >
          SAT
        </div>
        <div
          className="DateNum"
        >
          23
        </div>
      </div>
      <div
        className="Container"
        style={
          Object {
            "overflow": "hidden",
          }
        }
      />
    </div>
  </div>
</div>
`;

exports[`FutureView with config monthly, hide-completed matches snapshot. 1`] = `
<div>
  <div
    className="FutureViewControl"
  >
    <h3
      className="Title"
    >
      Future
    </h3>
    <span
      className="ControlPadding"
    />
    <span
      title="Go back"
    >
      <svg
        alt="More"
        className="NavButtonPrev"
        height="1em"
        onClick={[Function]}
        onKeyUp={[Function]}
        tabIndex={0}
        title="More"
        width="1em"
      >
        v.svg
      </svg>
    </span>
    <h3
      className="Title"
    >
      January 2027
    </h3>
    <span
      title="Go forward"
    >
      <svg
        alt="More"
        className="NavButtonNext"
        height="1em"
        onClick={[Function]}
        onKeyUp={[Function]}
        tabIndex={0}
        title="More"
        width="1em"
      >
        v.svg
      </svg>
    </span>
    <span
      className="ControlPadding"
    />
    <button
      className="SquareButton SquareButtonIconButton active"
      onClick={[Function]}
      title="Hide/unhide completed tasks"
      type="button"
    >
      <svg
        aria-hidden="true"
        className="svg-inline--fa fa-eye fa-w-18 SquareButtonText"
        data-icon="eye"
        data-prefix="fas"
        focusable="false"
        role="img"
        style={Object {}}
        viewBox="0 0 576 512"
        xmlns="http://www.w3.org/2000/svg"
      >
        <path
          d="M572.52 241.4C518.29 135.59 410.93 64 288 64S57.68 135.64 3.48 241.41a32.35 32.35 0 0 0 0 29.19C57.71 376.41 165.07 448 288 448s230.32-71.64 284.52-177.41a32.35 32.35 0 0 0 0-29.19zM288 400a144 144 0 1 1 144-144 143.93 143.93 0 0 1-144 144zm0-240a95.31 95.31 0 0 0-25.31 3.79 47.85 47.85 0 0 1-66.9 66.9A95.78 95.78 0 1 0 288 160z"
          fill="currentColor"
          style={Object {}}
        />
      </svg>
    </button>
    <div
      className="ContainerTypeSwitcher"
    >
      <button
        className="ContainerTypeSwitcherButton"
        onClick={[Function]}
        title="Change to 4D view"
        type="button"
      >
        <span
          className="ContainerTypeSwitcherButtonText"
        >
          4D
        </span>
      </button>
      <button
        className="ContainerTypeSwitcherButton"
        onClick={[Function]}
        title="Change to 2W view"
        type="button"
      >
        <span
          className="ContainerTypeSwitcherButtonText"
        >
          2W
        </span>
      </button>
      <button
        className="ContainerTypeSwitcherButton ContainerTypeSwitcherActiveButton"
        onClick={[Function]}
        title="Change to M view"
        type="button"
      >
        <span
          className="ContainerTypeSwitcherButtonText"
        >
          M
        </span>
      </button>
    </div>
  </div>
  <div
    className="FutureViewSevenColumns"
    style={
      Object {
        "gridTemplateRows": "minmax(0, 0.16666666666666666fr) minmax(0, 0.16666666666666666fr) minmax(0, 0.16666666666666666fr) minmax(0, 0.16666666666666666fr) minmax(0, 0.16666666666666666fr) minmax(0, 0.16666666666666666fr)",
      }
    }
  >
    <div
      className="OtherViews"
    >
      <div
        className="DateInfo"
        style={Object {}}
      >
        <div
          className="DateInfoDay"
        >
          SUN
        </div>
        <div
          className="DateNum"
        >
          27
        </div>
      </div>
      <div
        className="Container"
        style={
          Object {
            "overflow": "hidden",
          }
        }
      />
    </div>
    <div
      className="OtherViews"
    >
      <div
        className="DateInfo"
        style={Object {}}
      >
        <div
          className="DateInfoDay"
        >
          MON
        </div>
        <div
          className="DateNum"
        >
          28
        </div>
      </div>
      <div
        className="Container"
        style={
          Object {
            "overflow": "hidden",
          }
        }
      />
    </div>
    <div
      className="OtherViews"
    >
      <div
        className="DateInfo"
        style={Object {}}
      >
        <div
          className="DateInfoDay"
        >
          TUE
        </div>
        <div
          className="DateNum"
        >
          29
        </div>
      </div>
      <div
        className="Container"
        style={
          Object {
            "overflow": "hidden",
          }
        }
      />
    </div>
    <div
      className="OtherViews"
    >
      <div
        className="DateInfo"
        style={Object {}}
      >
        <div
          className="DateInfoDay"
        >
          WED
        </div>
        <div
          className="DateNum"
        >
          30
        </div>
      </div>
      <div
        className="Container"
        style={
          Object {
            "overflow": "hidden",
          }
        }
      />
    </div>
    <div
      className="OtherViews"
    >
      <div
        className="DateInfo"
        style={Object {}}
      >
        <div
          className="DateInfoDay"
        >
          THU
        </div>
        <div
          className="DateNum"
        >
          31
        </div>
      </div>
      <div
        className="Container"
        style={
          Object {
            "overflow": "hidden",
          }
        }
      />
    </div>
    <div
      className="OtherViews"
    >
      <div
        className="DateInfo"
        style={Object {}}
      >
        <div
          className="DateInfoDay"
        >
          FRI
        </div>
        <div
          className="DateNum"
        >
          1
        </div>
      </div>
      <div
        className="Container"
        style={
          Object {
            "overflow": "hidden",
          }
        }
      />
    </div>
    <div
      className="OtherViews"
    >
      <div
        className="DateInfo"
        style={Object {}}
      >
        <div
          className="DateInfoDay"
        >
          SAT
        </div>
        <div
          className="DateNum"
        >
          2
        </div>
      </div>
      <div
        className="Container"
        style={
          Object {
            "overflow": "hidden",
          }
        }
      />
    </div>
    <div
      className="OtherViews"
    >
      <div
        className="DateInfo"
        style={Object {}}
      >
        <div
          className="DateInfoDay"
        >
          SUN
        </div>
        <div
          className="DateNum"
        >
          3
        </div>
      </div>
      <div
        className="Container"
        style={
          Object {
            "overflow": "hidden",
          }
        }
      />
    </div>
    <div
      className="OtherViews"
    >
      <div
        className="DateInfo"
        style={Object {}}
      >
        <div
          className="DateInfoDay"
        >
          MON
        </div>
        <div
          className="DateNum"
        >
          4
        </div>
      </div>
      <div
        className="Container"
        style={
          Object {
            "overflow": "hidden",
          }
        }
      />
    </div>
    <div
      className="OtherViews"
    >
      <div
        className="DateInfo"
        style={Object {}}
      >
        <div
          className="DateInfoDay"
        >
          TUE
        </div>
        <div
          className="DateNum"
        >
          5
        </div>
      </div>
      <div
        className="Container"
        style={
          Object {
            "overflow": "hidden",
          }
        }
      />
    </div>
    <div
      className="OtherViews"
    >
      <div
        className="DateInfo"
        style={Object {}}
      >
        <div
          className="DateInfoDay"
        >
          WED
        </div>
        <div
          className="DateNum"
        >
          6
        </div>
      </div>
      <div
        className="Container"
        style={
          Object {
            "overflow": "hidden",
          }
        }
      />
    </div>
    <div
      className="OtherViews"
    >
      <div
        className="DateInfo"
        style={Object {}}
      >
        <div
          className="DateInfoDay"
        >
          THU
        </div>
        <div
          className="DateNum"
        >
          7
        </div>
      </div>
      <div
        className="Container"
        style={
          Object {
            "overflow": "hidden",
          }
        }
      />
    </div>
    <div
      className="OtherViews"
    >
      <div
        className="DateInfo"
        style={Object {}}
      >
        <div
          className="DateInfoDay"
        >
          FRI
        </div>
        <div
          className="DateNum"
        >
          8
        </div>
      </div>
      <div
        className="Container"
        style={
          Object {
            "overflow": "hidden",
          }
        }
      />
    </div>
    <div
      className="OtherViews"
    >
      <div
        className="DateInfo"
        style={Object {}}
      >
        <div
          className="DateInfoDay"
        >
          SAT
        </div>
        <div
          className="DateNum"
        >
          9
        </div>
      </div>
      <div
        className="Container"
        style={
          Object {
            "overflow": "hidden",
          }
        }
      />
    </div>
    <div
      className="OtherViews"
    >
      <div
        className="DateInfo"
        style={Object {}}
      >
        <div
          className="DateInfoDay"
        >
          SUN
        </div>
        <div
          className="DateNum"
        >
          10
        </div>
      </div>
      <div
        className="Container"
        style={
          Object {
            "overflow": "hidden",
          }
        }
      />
    </div>
    <div
      className="OtherViews"
    >
      <div
        className="DateInfo"
        style={Object {}}
      >
        <div
          className="DateInfoDay"
        >
          MON
        </div>
        <div
          className="DateNum"
        >
          11
        </div>
      </div>
      <div
        className="Container"
        style={
          Object {
            "overflow": "hidden",
          }
        }
      />
    </div>
    <div
      className="OtherViews"
    >
      <div
        className="DateInfo"
        style={Object {}}
      >
        <div
          className="DateInfoDay"
        >
          TUE
        </div>
        <div
          className="DateNum"
        >
          12
        </div>
      </div>
      <div
        className="Container"
        style={
          Object {
            "overflow": "hidden",
          }
        }
      />
    </div>
    <div
      className="OtherViews"
    >
      <div
        className="DateInfo"
        style={Object {}}
      >
        <div
          className="DateInfoDay"
        >
          WED
        </div>
        <div
          className="DateNum"
        >
          13
        </div>
      </div>
      <div
        className="Container"
        style={
          Object {
            "overflow": "hidden",
          }
        }
      />
    </div>
    <div
      className="OtherViews"
    >
      <div
        className="DateInfo"
        style={Object {}}
      >
        <div
          className="DateInfoDay"
        >
          THU
        </div>
        <div
          className="DateNum"
        >
          14
        </div>
      </div>
      <div
        className="Container"
        style={
          Object {
            "overflow": "hidden",
          }
        }
      />
    </div>
    <div
      className="OtherViews"
    >
      <div
        className="DateInfo"
        style={Object {}}
      >
        <div
          className="DateInfoDay"
        >
          FRI
        </div>
        <div
          className="DateNum"
        >
          15
        </div>
      </div>
      <div
        className="Container"
        style={
          Object {
            "overflow": "hidden",
          }
        }
      />
    </div>
    <div
      className="OtherViews"
    >
      <div
        className="DateInfo"
        style={Object {}}
      >
        <div
          className="DateInfoDay"
        >
          SAT
        </div>
        <div
          className="DateNum"
        >
          16
        </div>
      </div>
      <div
        className="Container"
        style={
          Object {
            "overflow": "hidden",
          }
        }
      />
    </div>
    <div
      className="OtherViews"
    >
      <div
        className="DateInfo"
        style={Object {}}
      >
        <div
          className="DateInfoDay"
        >
          SUN
        </div>
        <div
          className="DateNum"
        >
          17
        </div>
      </div>
      <div
        className="Container"
        style={
          Object {
            "overflow": "hidden",
          }
        }
      />
    </div>
    <div
      className="OtherViews"
    >
      <div
        className="DateInfo"
        style={Object {}}
      >
        <div
          className="DateInfoDay"
        >
          MON
        </div>
        <div
          className="DateNum"
        >
          18
        </div>
      </div>
      <div
        className="Container"
        style={
          Object {
            "overflow": "hidden",
          }
        }
      />
    </div>
    <div
      className="OtherViews"
    >
      <div
        className="DateInfo"
        style={Object {}}
      >
        <div
          className="DateInfoDay"
        >
          TUE
        </div>
        <div
          className="DateNum"
        >
          19
        </div>
      </div>
      <div
        className="Container"
        style={
          Object {
            "overflow": "hidden",
          }
        }
      />
    </div>
    <div
      className="OtherViews"
    >
      <div
        className="DateInfo"
        style={Object {}}
      >
        <div
          className="DateInfoDay"
        >
          WED
        </div>
        <div
          className="DateNum"
        >
          20
        </div>
      </div>
      <div
        className="Container"
        style={
          Object {
            "overflow": "hidden",
          }
        }
      />
    </div>
    <div
      className="OtherViews"
    >
      <div
        className="DateInfo"
        style={Object {}}
      >
        <div
          className="DateInfoDay"
        >
          THU
        </div>
        <div
          className="DateNum"
        >
          21
        </div>
      </div>
      <div
        className="Container"
        style={
          Object {
            "overflow": "hidden",
          }
        }
      />
    </div>
    <div
      className="OtherViews"
    >
      <div
        className="DateInfo"
        style={Object {}}
      >
        <div
          className="DateInfoDay"
        >
          FRI
        </div>
        <div
          className="DateNum"
        >
          22
        </div>
      </div>
      <div
        className="Container"
        style={
          Object {
            "overflow": "hidden",
          }
        }
      />
    </div>
    <div
      className="OtherViews"
    >
      <div
        className="DateInfo"
        style={Object {}}
      >
        <div
          className="DateInfoDay"
        >
          SAT
        </div>
        <div
          className="DateNum"
        >
          23
        </div>
      </div>
      <div
        className="Container"
        style={
          Object {
            "overflow": "hidden",
          }
        }
      />
    </div>
    <div
      className="OtherViews"
    >
      <div
        className="DateInfo"
        style={Object {}}
      >
        <div
          className="DateInfoDay"
        >
          SUN
        </div>
        <div
          className="DateNum"
        >
          24
        </div>
      </div>
      <div
        className="Container"
        style={
          Object {
            "overflow": "hidden",
          }
        }
      />
    </div>
    <div
      className="OtherViews"
    >
      <div
        className="DateInfo"
        style={Object {}}
      >
        <div
          className="DateInfoDay"
        >
          MON
        </div>
        <div
          className="DateNum"
        >
          25
        </div>
      </div>
      <div
        className="Container"
        style={
          Object {
            "overflow": "hidden",
          }
        }
      />
    </div>
    <div
      className="OtherViews"
    >
      <div
        className="DateInfo"
        style={Object {}}
      >
        <div
          className="DateInfoDay"
        >
          TUE
        </div>
        <div
          className="DateNum"
        >
          26
        </div>
      </div>
      <div
        className="Container"
        style={
          Object {
            "overflow": "hidden",
          }
        }
      />
    </div>
    <div
      className="OtherViews"
    >
      <div
        className="DateInfo"
        style={Object {}}
      >
        <div
          className="DateInfoDay"
        >
          WED
        </div>
        <div
          className="DateNum"
        >
          27
        </div>
      </div>
      <div
        className="Container"
        style={
          Object {
            "overflow": "hidden",
          }
        }
      />
    </div>
    <div
      className="OtherViews"
    >
      <div
        className="DateInfo"
        style={Object {}}
      >
        <div
          className="DateInfoDay"
        >
          THU
        </div>
        <div
          className="DateNum"
        >
          28
        </div>
      </div>
      <div
        className="Container"
        style={
          Object {
            "overflow": "hidden",
          }
        }
      />
    </div>
    <div
      className="OtherViews"
    >
      <div
        className="DateInfo"
        style={Object {}}
      >
        <div
          className="DateInfoDay"
        >
          FRI
        </div>
        <div
          className="DateNum"
        >
          29
        </div>
      </div>
      <div
        className="Container"
        style={
          Object {
            "overflow": "hidden",
          }
        }
      />
    </div>
    <div
      className="OtherViews"
    >
      <div
        className="DateInfo"
        style={Object {}}
      >
        <div
          className="DateInfoDay"
        >
          SAT
        </div>
        <div
          className="DateNum"
        >
          30
        </div>
      </div>
      <div
        className="Container"
        style={
          Object {
            "overflow": "hidden",
          }
        }
      />
    </div>
    <div
      className="OtherViews"
    >
      <div
        className="DateInfo"
        style={Object {}}
      >
        <div
          className="DateInfoDay"
        >
          SUN
        </div>
        <div
          className="DateNum"
        >
          31
        </div>
      </div>
      <div
        className="Container"
        style={
          Object {
            "overflow": "hidden",
          }
        }
      />
    </div>
  </div>
</div>
`;

exports[`FutureView with config monthly, show-completed matches snapshot. 1`] = `
<div>
  <div
    className="FutureViewControl"
  >
    <h3
      className="Title"
    >
      Future
    </h3>
    <span
      className="ControlPadding"
    />
    <span
      title="Go back"
    >
      <svg
        alt="More"
        className="NavButtonPrev"
        height="1em"
        onClick={[Function]}
        onKeyUp={[Function]}
        tabIndex={0}
        title="More"
        width="1em"
      >
        v.svg
      </svg>
    </span>
    <h3
      className="Title"
    >
      January 2027
    </h3>
    <span
      title="Go forward"
    >
      <svg
        alt="More"
        className="NavButtonNext"
        height="1em"
        onClick={[Function]}
        onKeyUp={[Function]}
        tabIndex={0}
        title="More"
        width="1em"
      >
        v.svg
      </svg>
    </span>
    <span
      className="ControlPadding"
    />
    <button
      className="SquareButton SquareButtonIconButton"
      onClick={[Function]}
      title="Hide/unhide completed tasks"
      type="button"
    >
      <svg
        aria-hidden="true"
        className="svg-inline--fa fa-eye-slash fa-w-20 SquareButtonText"
        data-icon="eye-slash"
        data-prefix="fas"
        focusable="false"
        role="img"
        style={Object {}}
        viewBox="0 0 640 512"
        xmlns="http://www.w3.org/2000/svg"
      >
        <path
          d="M320 400c-75.85 0-137.25-58.71-142.9-133.11L72.2 185.82c-13.79 17.3-26.48 35.59-36.72 55.59a32.35 32.35 0 0 0 0 29.19C89.71 376.41 197.07 448 320 448c26.91 0 52.87-4 77.89-10.46L346 397.39a144.13 144.13 0 0 1-26 2.61zm313.82 58.1l-110.55-85.44a331.25 331.25 0 0 0 81.25-102.07 32.35 32.35 0 0 0 0-29.19C550.29 135.59 442.93 64 320 64a308.15 308.15 0 0 0-147.32 37.7L45.46 3.37A16 16 0 0 0 23 6.18L3.37 31.45A16 16 0 0 0 6.18 53.9l588.36 454.73a16 16 0 0 0 22.46-2.81l19.64-25.27a16 16 0 0 0-2.82-22.45zm-183.72-142l-39.3-30.38A94.75 94.75 0 0 0 416 256a94.76 94.76 0 0 0-121.31-92.21A47.65 47.65 0 0 1 304 192a46.64 46.64 0 0 1-1.54 10l-73.61-56.89A142.31 142.31 0 0 1 320 112a143.92 143.92 0 0 1 144 144c0 21.63-5.29 41.79-13.9 60.11z"
          fill="currentColor"
          style={Object {}}
        />
      </svg>
    </button>
    <div
      className="ContainerTypeSwitcher"
    >
      <button
        className="ContainerTypeSwitcherButton"
        onClick={[Function]}
        title="Change to 4D view"
        type="button"
      >
        <span
          className="ContainerTypeSwitcherButtonText"
        >
          4D
        </span>
      </button>
      <button
        className="ContainerTypeSwitcherButton"
        onClick={[Function]}
        title="Change to 2W view"
        type="button"
      >
        <span
          className="ContainerTypeSwitcherButtonText"
        >
          2W
        </span>
      </button>
      <button
        className="ContainerTypeSwitcherButton ContainerTypeSwitcherActiveButton"
        onClick={[Function]}
        title="Change to M view"
        type="button"
      >
        <span
          className="ContainerTypeSwitcherButtonText"
        >
          M
        </span>
      </button>
    </div>
  </div>
  <div
    className="FutureViewSevenColumns"
    style={
      Object {
        "gridTemplateRows": "minmax(0, 0.16666666666666666fr) minmax(0, 0.16666666666666666fr) minmax(0, 0.16666666666666666fr) minmax(0, 0.16666666666666666fr) minmax(0, 0.16666666666666666fr) minmax(0, 0.16666666666666666fr)",
      }
    }
  >
    <div
      className="OtherViews"
    >
      <div
        className="DateInfo"
        style={Object {}}
      >
        <div
          className="DateInfoDay"
        >
          SUN
        </div>
        <div
          className="DateNum"
        >
          27
        </div>
      </div>
      <div
        className="Container"
        style={
          Object {
            "overflow": "hidden",
          }
        }
      />
    </div>
    <div
      className="OtherViews"
    >
      <div
        className="DateInfo"
        style={Object {}}
      >
        <div
          className="DateInfoDay"
        >
          MON
        </div>
        <div
          className="DateNum"
        >
          28
        </div>
      </div>
      <div
        className="Container"
        style={
          Object {
            "overflow": "hidden",
          }
        }
      />
    </div>
    <div
      className="OtherViews"
    >
      <div
        className="DateInfo"
        style={Object {}}
      >
        <div
          className="DateInfoDay"
        >
          TUE
        </div>
        <div
          className="DateNum"
        >
          29
        </div>
      </div>
      <div
        className="Container"
        style={
          Object {
            "overflow": "hidden",
          }
        }
      />
    </div>
    <div
      className="OtherViews"
    >
      <div
        className="DateInfo"
        style={Object {}}
      >
        <div
          className="DateInfoDay"
        >
          WED
        </div>
        <div
          className="DateNum"
        >
          30
        </div>
      </div>
      <div
        className="Container"
        style={
          Object {
            "overflow": "hidden",
          }
        }
      />
    </div>
    <div
      className="OtherViews"
    >
      <div
        className="DateInfo"
        style={Object {}}
      >
        <div
          className="DateInfoDay"
        >
          THU
        </div>
        <div
          className="DateNum"
        >
          31
        </div>
      </div>
      <div
        className="Container"
        style={
          Object {
            "overflow": "hidden",
          }
        }
      />
    </div>
    <div
      className="OtherViews"
    >
      <div
        className="DateInfo"
        style={Object {}}
      >
        <div
          className="DateInfoDay"
        >
          FRI
        </div>
        <div
          className="DateNum"
        >
          1
        </div>
      </div>
      <div
        className="Container"
        style={
          Object {
            "overflow": "hidden",
          }
        }
      />
    </div>
    <div
      className="OtherViews"
    >
      <div
        className="DateInfo"
        style={Object {}}
      >
        <div
          className="DateInfoDay"
        >
          SAT
        </div>
        <div
          className="DateNum"
        >
          2
        </div>
      </div>
      <div
        className="Container"
        style={
          Object {
            "overflow": "hidden",
          }
        }
      />
    </div>
    <div
      className="OtherViews"
    >
      <div
        className="DateInfo"
        style={Object {}}
      >
        <div
          className="DateInfoDay"
        >
          SUN
        </div>
        <div
          className="DateNum"
        >
          3
        </div>
      </div>
      <div
        className="Container"
        style={
          Object {
            "overflow": "hidden",
          }
        }
      />
    </div>
    <div
      className="OtherViews"
    >
      <div
        className="DateInfo"
        style={Object {}}
      >
        <div
          className="DateInfoDay"
        >
          MON
        </div>
        <div
          className="DateNum"
        >
          4
        </div>
      </div>
      <div
        className="Container"
        style={
          Object {
            "overflow": "hidden",
          }
        }
      />
    </div>
    <div
      className="OtherViews"
    >
      <div
        className="DateInfo"
        style={Object {}}
      >
        <div
          className="DateInfoDay"
        >
          TUE
        </div>
        <div
          className="DateNum"
        >
          5
        </div>
      </div>
      <div
        className="Container"
        style={
          Object {
            "overflow": "hidden",
          }
        }
      />
    </div>
    <div
      className="OtherViews"
    >
      <div
        className="DateInfo"
        style={Object {}}
      >
        <div
          className="DateInfoDay"
        >
          WED
        </div>
        <div
          className="DateNum"
        >
          6
        </div>
      </div>
      <div
        className="Container"
        style={
          Object {
            "overflow": "hidden",
          }
        }
      />
    </div>
    <div
      className="OtherViews"
    >
      <div
        className="DateInfo"
        style={Object {}}
      >
        <div
          className="DateInfoDay"
        >
          THU
        </div>
        <div
          className="DateNum"
        >
          7
        </div>
      </div>
      <div
        className="Container"
        style={
          Object {
            "overflow": "hidden",
          }
        }
      />
    </div>
    <div
      className="OtherViews"
    >
      <div
        className="DateInfo"
        style={Object {}}
      >
        <div
          className="DateInfoDay"
        >
          FRI
        </div>
        <div
          className="DateNum"
        >
          8
        </div>
      </div>
      <div
        className="Container"
        style={
          Object {
            "overflow": "hidden",
          }
        }
      />
    </div>
    <div
      className="OtherViews"
    >
      <div
        className="DateInfo"
        style={Object {}}
      >
        <div
          className="DateInfoDay"
        >
          SAT
        </div>
        <div
          className="DateNum"
        >
          9
        </div>
      </div>
      <div
        className="Container"
        style={
          Object {
            "overflow": "hidden",
          }
        }
      />
    </div>
    <div
      className="OtherViews"
    >
      <div
        className="DateInfo"
        style={Object {}}
      >
        <div
          className="DateInfoDay"
        >
          SUN
        </div>
        <div
          className="DateNum"
        >
          10
        </div>
      </div>
      <div
        className="Container"
        style={
          Object {
            "overflow": "hidden",
          }
        }
      />
    </div>
    <div
      className="OtherViews"
    >
      <div
        className="DateInfo"
        style={Object {}}
      >
        <div
          className="DateInfoDay"
        >
          MON
        </div>
        <div
          className="DateNum"
        >
          11
        </div>
      </div>
      <div
        className="Container"
        style={
          Object {
            "overflow": "hidden",
          }
        }
      />
    </div>
    <div
      className="OtherViews"
    >
      <div
        className="DateInfo"
        style={Object {}}
      >
        <div
          className="DateInfoDay"
        >
          TUE
        </div>
        <div
          className="DateNum"
        >
          12
        </div>
      </div>
      <div
        className="Container"
        style={
          Object {
            "overflow": "hidden",
          }
        }
      />
    </div>
    <div
      className="OtherViews"
    >
      <div
        className="DateInfo"
        style={Object {}}
      >
        <div
          className="DateInfoDay"
        >
          WED
        </div>
        <div
          className="DateNum"
        >
          13
        </div>
      </div>
      <div
        className="Container"
        style={
          Object {
            "overflow": "hidden",
          }
        }
      />
    </div>
    <div
      className="OtherViews"
    >
      <div
        className="DateInfo"
        style={Object {}}
      >
        <div
          className="DateInfoDay"
        >
          THU
        </div>
        <div
          className="DateNum"
        >
          14
        </div>
      </div>
      <div
        className="Container"
        style={
          Object {
            "overflow": "hidden",
          }
        }
      />
    </div>
    <div
      className="OtherViews"
    >
      <div
        className="DateInfo"
        style={Object {}}
      >
        <div
          className="DateInfoDay"
        >
          FRI
        </div>
        <div
          className="DateNum"
        >
          15
        </div>
      </div>
      <div
        className="Container"
        style={
          Object {
            "overflow": "hidden",
          }
        }
      />
    </div>
    <div
      className="OtherViews"
    >
      <div
        className="DateInfo"
        style={Object {}}
      >
        <div
          className="DateInfoDay"
        >
          SAT
        </div>
        <div
          className="DateNum"
        >
          16
        </div>
      </div>
      <div
        className="Container"
        style={
          Object {
            "overflow": "hidden",
          }
        }
      />
    </div>
    <div
      className="OtherViews"
    >
      <div
        className="DateInfo"
        style={Object {}}
      >
        <div
          className="DateInfoDay"
        >
          SUN
        </div>
        <div
          className="DateNum"
        >
          17
        </div>
      </div>
      <div
        className="Container"
        style={
          Object {
            "overflow": "hidden",
          }
        }
      />
    </div>
    <div
      className="OtherViews"
    >
      <div
        className="DateInfo"
        style={Object {}}
      >
        <div
          className="DateInfoDay"
        >
          MON
        </div>
        <div
          className="DateNum"
        >
          18
        </div>
      </div>
      <div
        className="Container"
        style={
          Object {
            "overflow": "hidden",
          }
        }
      />
    </div>
    <div
      className="OtherViews"
    >
      <div
        className="DateInfo"
        style={Object {}}
      >
        <div
          className="DateInfoDay"
        >
          TUE
        </div>
        <div
          className="DateNum"
        >
          19
        </div>
      </div>
      <div
        className="Container"
        style={
          Object {
            "overflow": "hidden",
          }
        }
      />
    </div>
    <div
      className="OtherViews"
    >
      <div
        className="DateInfo"
        style={Object {}}
      >
        <div
          className="DateInfoDay"
        >
          WED
        </div>
        <div
          className="DateNum"
        >
          20
        </div>
      </div>
      <div
        className="Container"
        style={
          Object {
            "overflow": "hidden",
          }
        }
      />
    </div>
    <div
      className="OtherViews"
    >
      <div
        className="DateInfo"
        style={Object {}}
      >
        <div
          className="DateInfoDay"
        >
          THU
        </div>
        <div
          className="DateNum"
        >
          21
        </div>
      </div>
      <div
        className="Container"
        style={
          Object {
            "overflow": "hidden",
          }
        }
      />
    </div>
    <div
      className="OtherViews"
    >
      <div
        className="DateInfo"
        style={Object {}}
      >
        <div
          className="DateInfoDay"
        >
          FRI
        </div>
        <div
          className="DateNum"
        >
          22
        </div>
      </div>
      <div
        className="Container"
        style={
          Object {
            "overflow": "hidden",
          }
        }
      />
    </div>
    <div
      className="OtherViews"
    >
      <div
        className="DateInfo"
        style={Object {}}
      >
        <div
          className="DateInfoDay"
        >
          SAT
        </div>
        <div
          className="DateNum"
        >
          23
        </div>
      </div>
      <div
        className="Container"
        style={
          Object {
            "overflow": "hidden",
          }
        }
      />
    </div>
    <div
      className="OtherViews"
    >
      <div
        className="DateInfo"
        style={Object {}}
      >
        <div
          className="DateInfoDay"
        >
          SUN
        </div>
        <div
          className="DateNum"
        >
          24
        </div>
      </div>
      <div
        className="Container"
        style={
          Object {
            "overflow": "hidden",
          }
        }
      />
    </div>
    <div
      className="OtherViews"
    >
      <div
        className="DateInfo"
        style={Object {}}
      >
        <div
          className="DateInfoDay"
        >
          MON
        </div>
        <div
          className="DateNum"
        >
          25
        </div>
      </div>
      <div
        className="Container"
        style={
          Object {
            "overflow": "hidden",
          }
        }
      />
    </div>
    <div
      className="OtherViews"
    >
      <div
        className="DateInfo"
        style={Object {}}
      >
        <div
          className="DateInfoDay"
        >
          TUE
        </div>
        <div
          className="DateNum"
        >
          26
        </div>
      </div>
      <div
        className="Container"
        style={
          Object {
            "overflow": "hidden",
          }
        }
      />
    </div>
    <div
      className="OtherViews"
    >
      <div
        className="DateInfo"
        style={Object {}}
      >
        <div
          className="DateInfoDay"
        >
          WED
        </div>
        <div
          className="DateNum"
        >
          27
        </div>
      </div>
      <div
        className="Container"
        style={
          Object {
            "overflow": "hidden",
          }
        }
      />
    </div>
    <div
      className="OtherViews"
    >
      <div
        className="DateInfo"
        style={Object {}}
      >
        <div
          className="DateInfoDay"
        >
          THU
        </div>
        <div
          className="DateNum"
        >
          28
        </div>
      </div>
      <div
        className="Container"
        style={
          Object {
            "overflow": "hidden",
          }
        }
      />
    </div>
    <div
      className="OtherViews"
    >
      <div
        className="DateInfo"
        style={Object {}}
      >
        <div
          className="DateInfoDay"
        >
          FRI
        </div>
        <div
          className="DateNum"
        >
          29
        </div>
      </div>
      <div
        className="Container"
        style={
          Object {
            "overflow": "hidden",
          }
        }
      />
    </div>
    <div
      className="OtherViews"
    >
      <div
        className="DateInfo"
        style={Object {}}
      >
        <div
          className="DateInfoDay"
        >
          SAT
        </div>
        <div
          className="DateNum"
        >
          30
        </div>
      </div>
      <div
        className="Container"
        style={
          Object {
            "overflow": "hidden",
          }
        }
      />
    </div>
    <div
      className="OtherViews"
    >
      <div
        className="DateInfo"
        style={Object {}}
      >
        <div
          className="DateInfoDay"
        >
          SUN
        </div>
        <div
          className="DateNum"
        >
          31
        </div>
      </div>
      <div
        className="Container"
        style={
          Object {
            "overflow": "hidden",
          }
        }
      />
    </div>
  </div>
</div>
`;

exports[`FutureView with config n-days, hide-completed matches snapshot. 1`] = `
<div>
  <div
    className="FutureViewControl"
  >
    <h3
      className="Title"
    >
      Future
    </h3>
    <span
      title="Go back"
    >
      <svg
        alt="More"
        className="NavButtonPrev NavButtonNDays"
        height="1em"
        onClick={[Function]}
        onKeyUp={[Function]}
        style={
          Object {
            "left": -10,
          }
        }
        tabIndex={0}
        title="More"
        width="1em"
      >
        v.svg
      </svg>
    </span>
    <span
      title="Go forward"
    >
      <svg
        alt="More"
        className="NavButtonNext NavButtonNDays"
        height="1em"
        onClick={[Function]}
        onKeyUp={[Function]}
        style={
          Object {
            "right": -10,
          }
        }
        tabIndex={0}
        title="More"
        width="1em"
      >
        v.svg
      </svg>
    </span>
    <span
      className="ControlPadding"
    />
    <button
      className="SquareButton SquareButtonIconButton active"
      onClick={[Function]}
      title="Hide/unhide completed tasks"
      type="button"
    >
      <svg
        aria-hidden="true"
        className="svg-inline--fa fa-eye fa-w-18 SquareButtonText"
        data-icon="eye"
        data-prefix="fas"
        focusable="false"
        role="img"
        style={Object {}}
        viewBox="0 0 576 512"
        xmlns="http://www.w3.org/2000/svg"
      >
        <path
          d="M572.52 241.4C518.29 135.59 410.93 64 288 64S57.68 135.64 3.48 241.41a32.35 32.35 0 0 0 0 29.19C57.71 376.41 165.07 448 288 448s230.32-71.64 284.52-177.41a32.35 32.35 0 0 0 0-29.19zM288 400a144 144 0 1 1 144-144 143.93 143.93 0 0 1-144 144zm0-240a95.31 95.31 0 0 0-25.31 3.79 47.85 47.85 0 0 1-66.9 66.9A95.78 95.78 0 1 0 288 160z"
          fill="currentColor"
          style={Object {}}
        />
      </svg>
    </button>
    <div
      className="ContainerTypeSwitcher"
    >
      <button
        className="ContainerTypeSwitcherButton ContainerTypeSwitcherActiveButton"
        onClick={[Function]}
        title="Change to 4D view"
        type="button"
      >
        <span
          className="ContainerTypeSwitcherButtonText"
        >
          4D
        </span>
      </button>
      <button
        className="ContainerTypeSwitcherButton"
        onClick={[Function]}
        title="Change to 2W view"
        type="button"
      >
        <span
          className="ContainerTypeSwitcherButtonText"
        >
          2W
        </span>
      </button>
      <button
        className="ContainerTypeSwitcherButton"
        onClick={[Function]}
        title="Change to M view"
        type="button"
      >
        <span
          className="ContainerTypeSwitcherButtonText"
        >
          M
        </span>
      </button>
    </div>
  </div>
  <div
    className="FutureViewNDays"
    style={
      Object {
        "gridTemplateColumns": "repeat(4, minmax(0, 1fr))",
      }
    }
  >
    <div
      className="Column"
    >
      <div
        className="NDaysView"
      >
        <div
          className="DateInfo"
          style={
            Object {
              "paddingTop": "1em",
            }
          }
        >
          <div
            className="DateInfoDay"
          >
            FRI
          </div>
          <div
            className="DateNum"
          >
            15
          </div>
        </div>
        <div
          className="Container"
          style={
            Object {
              "overflow": "hidden",
            }
          }
        />
      </div>
    </div>
    <div
      className="Column"
    >
      <div
        className="NDaysView"
      >
        <div
          className="DateInfo"
          style={
            Object {
              "paddingTop": "1em",
            }
          }
        >
          <div
            className="DateInfoDay"
          >
            SAT
          </div>
          <div
            className="DateNum"
          >
            16
          </div>
        </div>
        <div
          className="Container"
          style={
            Object {
              "overflow": "hidden",
            }
          }
        />
      </div>
    </div>
    <div
      className="Column"
    >
      <div
        className="NDaysView"
      >
        <div
          className="DateInfo"
          style={
            Object {
              "paddingTop": "1em",
            }
          }
        >
          <div
            className="DateInfoDay"
          >
            SUN
          </div>
          <div
            className="DateNum"
          >
            17
          </div>
        </div>
        <div
          className="Container"
          style={
            Object {
              "overflow": "hidden",
            }
          }
        />
      </div>
    </div>
    <div
      className="Column"
    >
      <div
        className="NDaysView"
      >
        <div
          className="DateInfo"
          style={
            Object {
              "paddingTop": "1em",
            }
          }
        >
          <div
            className="DateInfoDay"
          >
            MON
          </div>
          <div
            className="DateNum"
          >
            18
          </div>
        </div>
        <div
          className="Container"
          style={
            Object {
              "overflow": "hidden",
            }
          }
        />
      </div>
    </div>
  </div>
</div>
`;

exports[`FutureView with config n-days, show-completed matches snapshot. 1`] = `
<div>
  <div
    className="FutureViewControl"
  >
    <h3
      className="Title"
    >
      Future
    </h3>
    <span
      title="Go back"
    >
      <svg
        alt="More"
        className="NavButtonPrev NavButtonNDays"
        height="1em"
        onClick={[Function]}
        onKeyUp={[Function]}
        style={
          Object {
            "left": -10,
          }
        }
        tabIndex={0}
        title="More"
        width="1em"
      >
        v.svg
      </svg>
    </span>
    <span
      title="Go forward"
    >
      <svg
        alt="More"
        className="NavButtonNext NavButtonNDays"
        height="1em"
        onClick={[Function]}
        onKeyUp={[Function]}
        style={
          Object {
            "right": -10,
          }
        }
        tabIndex={0}
        title="More"
        width="1em"
      >
        v.svg
      </svg>
    </span>
    <span
      className="ControlPadding"
    />
    <button
      className="SquareButton SquareButtonIconButton"
      onClick={[Function]}
      title="Hide/unhide completed tasks"
      type="button"
    >
      <svg
        aria-hidden="true"
        className="svg-inline--fa fa-eye-slash fa-w-20 SquareButtonText"
        data-icon="eye-slash"
        data-prefix="fas"
        focusable="false"
        role="img"
        style={Object {}}
        viewBox="0 0 640 512"
        xmlns="http://www.w3.org/2000/svg"
      >
        <path
          d="M320 400c-75.85 0-137.25-58.71-142.9-133.11L72.2 185.82c-13.79 17.3-26.48 35.59-36.72 55.59a32.35 32.35 0 0 0 0 29.19C89.71 376.41 197.07 448 320 448c26.91 0 52.87-4 77.89-10.46L346 397.39a144.13 144.13 0 0 1-26 2.61zm313.82 58.1l-110.55-85.44a331.25 331.25 0 0 0 81.25-102.07 32.35 32.35 0 0 0 0-29.19C550.29 135.59 442.93 64 320 64a308.15 308.15 0 0 0-147.32 37.7L45.46 3.37A16 16 0 0 0 23 6.18L3.37 31.45A16 16 0 0 0 6.18 53.9l588.36 454.73a16 16 0 0 0 22.46-2.81l19.64-25.27a16 16 0 0 0-2.82-22.45zm-183.72-142l-39.3-30.38A94.75 94.75 0 0 0 416 256a94.76 94.76 0 0 0-121.31-92.21A47.65 47.65 0 0 1 304 192a46.64 46.64 0 0 1-1.54 10l-73.61-56.89A142.31 142.31 0 0 1 320 112a143.92 143.92 0 0 1 144 144c0 21.63-5.29 41.79-13.9 60.11z"
          fill="currentColor"
          style={Object {}}
        />
      </svg>
    </button>
    <div
      className="ContainerTypeSwitcher"
    >
      <button
        className="ContainerTypeSwitcherButton ContainerTypeSwitcherActiveButton"
        onClick={[Function]}
        title="Change to 4D view"
        type="button"
      >
        <span
          className="ContainerTypeSwitcherButtonText"
        >
          4D
        </span>
      </button>
      <button
        className="ContainerTypeSwitcherButton"
        onClick={[Function]}
        title="Change to 2W view"
        type="button"
      >
        <span
          className="ContainerTypeSwitcherButtonText"
        >
          2W
        </span>
      </button>
      <button
        className="ContainerTypeSwitcherButton"
        onClick={[Function]}
        title="Change to M view"
        type="button"
      >
        <span
          className="ContainerTypeSwitcherButtonText"
        >
          M
        </span>
      </button>
    </div>
  </div>
  <div
    className="FutureViewNDays"
    style={
      Object {
        "gridTemplateColumns": "repeat(4, minmax(0, 1fr))",
      }
    }
  >
    <div
      className="Column"
    >
      <div
        className="NDaysView"
      >
        <div
          className="DateInfo"
          style={
            Object {
              "paddingTop": "1em",
            }
          }
        >
          <div
            className="DateInfoDay"
          >
            FRI
          </div>
          <div
            className="DateNum"
          >
            15
          </div>
        </div>
        <div
          className="Container"
          style={
            Object {
              "overflow": "hidden",
            }
          }
        />
      </div>
    </div>
    <div
      className="Column"
    >
      <div
        className="NDaysView"
      >
        <div
          className="DateInfo"
          style={
            Object {
              "paddingTop": "1em",
            }
          }
        >
          <div
            className="DateInfoDay"
          >
            SAT
          </div>
          <div
            className="DateNum"
          >
            16
          </div>
        </div>
        <div
          className="Container"
          style={
            Object {
              "overflow": "hidden",
            }
          }
        />
      </div>
    </div>
    <div
      className="Column"
    >
      <div
        className="NDaysView"
      >
        <div
          className="DateInfo"
          style={
            Object {
              "paddingTop": "1em",
            }
          }
        >
          <div
            className="DateInfoDay"
          >
            SUN
          </div>
          <div
            className="DateNum"
          >
            17
          </div>
        </div>
        <div
          className="Container"
          style={
            Object {
              "overflow": "hidden",
            }
          }
        />
      </div>
    </div>
    <div
      className="Column"
    >
      <div
        className="NDaysView"
      >
        <div
          className="DateInfo"
          style={
            Object {
              "paddingTop": "1em",
            }
          }
        >
          <div
            className="DateInfoDay"
          >
            MON
          </div>
          <div
            className="DateNum"
          >
            18
          </div>
        </div>
        <div
          className="Container"
          style={
            Object {
              "overflow": "hidden",
            }
          }
        />
      </div>
    </div>
  </div>
</div>
`;
